[2026-03-09 17:18:18,894] INFO telethon.crypto.libssl: Failed to load SSL library: <class 'OSError'> (no library called "ssl" found)
[2026-03-09 17:18:18,895] INFO telethon.crypto.aes: cryptg module not installed and libssl not found, falling back to (slower) Python encryption
[2026-03-09 17:18:20,413] INFO root: Bot started...
[2026-03-09 17:18:20,756] INFO httpx: HTTP Request: POST https://api.telegram.org/bot8275361799:AAFtmm20hkgVrpVKDDYciwi_OVXYFSW774s/getMe "HTTP/1.1 200 OK"
[2026-03-09 17:18:20,859] INFO httpx: HTTP Request: POST https://api.telegram.org/bot8275361799:AAFtmm20hkgVrpVKDDYciwi_OVXYFSW774s/deleteWebhook "HTTP/1.1 200 OK"
[2026-03-09 17:18:20,861] INFO telegram.ext.Application: Application started
[2026-03-09 17:18:31,166] INFO httpx: HTTP Request: POST https://api.telegram.org/bot8275361799:AAFtmm20hkgVrpVKDDYciwi_OVXYFSW774s/getUpdates "HTTP/1.1 200 OK"
[2026-03-09 17:18:41,270] INFO httpx: HTTP Request: POST https://api.telegram.org/bot8275361799:AAFtmm20hkgVrpVKDDYciwi_OVXYFSW774s/getUpdates "HTTP/1.1 200 OK"
[2026-03-09 17:18:44,866] INFO httpx: HTTP Request: POST https://api.telegram.org/bot8275361799:AAFtmm20hkgVrpVKDDYciwi_OVXYFSW774s/getUpdates "HTTP/1.1 200 OK"
[2026-03-09 17:18:45,274] INFO httpx: HTTP Request: POST https://api.telegram.org/bot8275361799:AAFtmm20hkgVrpVKDDYciwi_OVXYFSW774s/sendMessage "HTTP/1.1 200 OK"
[2026-03-09 17:18:54,980] INFO httpx: HTTP Request: POST https://api.telegram.org/bot8275361799:AAFtmm20hkgVrpVKDDYciwi_OVXYFSW774s/getUpdates "HTTP/1.1 200 OK"
[2026-03-09 17:19:05,084] INFO httpx: HTTP Request: POST https://api.telegram.org/bot8275361799:AAFtmm20hkgVrpVKDDYciwi_OVXYFSW774s/getUpdates "HTTP/1.1 200 OK"
[2026-03-09 17:19:10,680] INFO httpx: HTTP Request: POST https://api.telegram.org/bot8275361799:AAFtmm20hkgVrpVKDDYciwi_OVXYFSW774s/getUpdates "HTTP/1.1 200 OK"
[2026-03-09 17:19:11,083] INFO httpx: HTTP Request: POST https://api.telegram.org/bot8275361799:AAFtmm20hkgVrpVKDDYciwi_OVXYFSW774s/sendMessage "HTTP/1.1 200 OK"
[2026-03-09 17:19:20,793] INFO httpx: HTTP Request: POST https://api.telegram.org/bot8275361799:AAFtmm20hkgVrpVKDDYciwi_OVXYFSW774s/getUpdates "HTTP/1.1 200 OK"
[2026-03-09 17:19:30,896] INFO httpx: HTTP Request: POST https://api.telegram.org/bot8275361799:AAFtmm20hkgVrpVKDDYciwi_OVXYFSW774s/getUpdates "HTTP/1.1 200 OK"
[2026-03-09 17:19:40,996] INFO httpx: HTTP Request: POST https://api.telegram.org/bot8275361799:AAFtmm20hkgVrpVKDDYciwi_OVXYFSW774s/getUpdates "HTTP/1.1 200 OK"
[2026-03-09 17:19:51,096] INFO httpx: HTTP Request: POST https://api.telegram.org/bot8275361799:AAFtmm20hkgVrpVKDDYciwi_OVXYFSW774s/getUpdates "HTTP/1.1 200 OK"
[2026-03-09 17:20:08,248] INFO telethon.crypto.libssl: Failed to load SSL library: <class 'OSError'> (no library called "ssl" found)
[2026-03-09 17:20:08,249] INFO telethon.crypto.aes: cryptg module not installed and libssl not found, falling back to (slower) Python encryption
[2026-03-09 17:20:09,386] INFO root: Bot started...
[2026-03-09 17:20:12,370] INFO httpx: HTTP Request: POST https://api.telegram.org/bot8685351639:AAGsbNAWU6yZ5VXn3BKOEh0yQYzDNxtxOIY/getMe "HTTP/1.1 200 OK"
[2026-03-09 17:20:12,472] INFO httpx: HTTP Request: POST https://api.telegram.org/bot8685351639:AAGsbNAWU6yZ5VXn3BKOEh0yQYzDNxtxOIY/deleteWebhook "HTTP/1.1 200 OK"
[2026-03-09 17:20:12,473] INFO telegram.ext.Application: Application started
[2026-03-09 17:20:20,791] INFO httpx: HTTP Request: POST https://api.telegram.org/bot8685351639:AAGsbNAWU6yZ5VXn3BKOEh0yQYzDNxtxOIY/getUpdates "HTTP/1.1 200 OK"
[2026-03-09 17:20:21,135] INFO httpx: HTTP Request: POST https://api.telegram.org/bot8685351639:AAGsbNAWU6yZ5VXn3BKOEh0yQYzDNxtxOIY/sendMessage "HTTP/1.1 200 OK"
[2026-03-09 17:20:22,993] INFO httpx: HTTP Request: POST https://api.telegram.org/bot8685351639:AAGsbNAWU6yZ5VXn3BKOEh0yQYzDNxtxOIY/getUpdates "HTTP/1.1 200 OK"
[2026-03-09 17:20:23,113] INFO httpx: HTTP Request: POST https://api.telegram.org/bot8685351639:AAGsbNAWU6yZ5VXn3BKOEh0yQYzDNxtxOIY/editMessageText "HTTP/1.1 200 OK"
[2026-03-09 17:20:29,516] INFO httpx: HTTP Request: POST https://api.telegram.org/bot8685351639:AAGsbNAWU6yZ5VXn3BKOEh0yQYzDNxtxOIY/getUpdates "HTTP/1.1 200 OK"
[2026-03-09 17:20:29,867] INFO httpx: HTTP Request: POST https://api.telegram.org/bot8685351639:AAGsbNAWU6yZ5VXn3BKOEh0yQYzDNxtxOIY/editMessageText "HTTP/1.1 200 OK"
[2026-03-09 17:20:30,722] INFO httpx: HTTP Request: POST https://api.telegram.org/bot8685351639:AAGsbNAWU6yZ5VXn3BKOEh0yQYzDNxtxOIY/getUpdates "HTTP/1.1 200 OK"
[2026-03-09 17:20:30,850] INFO httpx: HTTP Request: POST https://api.telegram.org/bot8685351639:AAGsbNAWU6yZ5VXn3BKOEh0yQYzDNxtxOIY/editMessageText "HTTP/1.1 200 OK"
[2026-03-09 17:20:31,906] INFO httpx: HTTP Request: POST https://api.telegram.org/bot8685351639:AAGsbNAWU6yZ5VXn3BKOEh0yQYzDNxtxOIY/getUpdates "HTTP/1.1 200 OK"
[2026-03-09 17:20:32,038] INFO httpx: HTTP Request: POST https://api.telegram.org/bot8685351639:AAGsbNAWU6yZ5VXn3BKOEh0yQYzDNxtxOIY/editMessageText "HTTP/1.1 200 OK"
[2026-03-09 17:20:41,131] INFO httpx: HTTP Request: POST https://api.telegram.org/bot8685351639:AAGsbNAWU6yZ5VXn3BKOEh0yQYzDNxtxOIY/getUpdates "HTTP/1.1 200 OK"
[2026-03-09 17:20:41,132] INFO utils.telegram: Creating TelegramClient without proxy for session sessions/998935619003.session
[2026-03-09 17:20:41,164] INFO telethon.network.mtprotosender: Connecting to 149.154.167.51:443/TcpFull...
[2026-03-09 17:20:43,275] INFO telethon.network.mtprotosender: Connection to 149.154.167.51:443/TcpFull complete!
[2026-03-09 17:20:44,271] INFO httpx: HTTP Request: POST https://api.telegram.org/bot8685351639:AAGsbNAWU6yZ5VXn3BKOEh0yQYzDNxtxOIY/sendMessage "HTTP/1.1 200 OK"
[2026-03-09 17:20:49,582] INFO httpx: HTTP Request: POST https://api.telegram.org/bot8685351639:AAGsbNAWU6yZ5VXn3BKOEh0yQYzDNxtxOIY/getUpdates "HTTP/1.1 200 OK"
[2026-03-09 17:20:50,235] INFO httpx: HTTP Request: POST https://api.telegram.org/bot8685351639:AAGsbNAWU6yZ5VXn3BKOEh0yQYzDNxtxOIY/sendMessage "HTTP/1.1 200 OK"
[2026-03-09 17:20:59,691] INFO httpx: HTTP Request: POST https://api.telegram.org/bot8685351639:AAGsbNAWU6yZ5VXn3BKOEh0yQYzDNxtxOIY/getUpdates "HTTP/1.1 200 OK"
[2026-03-09 17:21:00,152] INFO httpx: HTTP Request: POST https://api.telegram.org/bot8685351639:AAGsbNAWU6yZ5VXn3BKOEh0yQYzDNxtxOIY/getUpdates "HTTP/1.1 200 OK"
[2026-03-09 17:21:00,499] INFO httpx: HTTP Request: POST https://api.telegram.org/bot8685351639:AAGsbNAWU6yZ5VXn3BKOEh0yQYzDNxtxOIY/editMessageText "HTTP/1.1 200 OK"
[2026-03-09 17:21:23,829] INFO telethon.crypto.libssl: Failed to load SSL library: <class 'OSError'> (no library called "ssl" found)
[2026-03-09 17:21:23,829] INFO telethon.crypto.aes: cryptg module not installed and libssl not found, falling back to (slower) Python encryption
[2026-03-09 17:21:24,874] INFO root: Bot started...
[2026-03-09 17:21:25,214] INFO httpx: HTTP Request: POST https://api.telegram.org/bot8685351639:AAGsbNAWU6yZ5VXn3BKOEh0yQYzDNxtxOIY/getMe "HTTP/1.1 200 OK"
[2026-03-09 17:21:25,317] INFO httpx: HTTP Request: POST https://api.telegram.org/bot8685351639:AAGsbNAWU6yZ5VXn3BKOEh0yQYzDNxtxOIY/deleteWebhook "HTTP/1.1 200 OK"
[2026-03-09 17:21:25,319] INFO telegram.ext.Application: Application started
[2026-03-09 17:21:33,778] INFO httpx: HTTP Request: POST https://api.telegram.org/bot8685351639:AAGsbNAWU6yZ5VXn3BKOEh0yQYzDNxtxOIY/getUpdates "HTTP/1.1 200 OK"
[2026-03-09 17:21:34,128] INFO httpx: HTTP Request: POST https://api.telegram.org/bot8685351639:AAGsbNAWU6yZ5VXn3BKOEh0yQYzDNxtxOIY/sendMessage "HTTP/1.1 200 OK"
[2026-03-09 17:21:36,329] INFO httpx: HTTP Request: POST https://api.telegram.org/bot8685351639:AAGsbNAWU6yZ5VXn3BKOEh0yQYzDNxtxOIY/getUpdates "HTTP/1.1 200 OK"
[2026-03-09 17:21:36,460] INFO httpx: HTTP Request: POST https://api.telegram.org/bot8685351639:AAGsbNAWU6yZ5VXn3BKOEh0yQYzDNxtxOIY/editMessageText "HTTP/1.1 200 OK"
[2026-03-09 17:21:37,496] INFO httpx: HTTP Request: POST https://api.telegram.org/bot8685351639:AAGsbNAWU6yZ5VXn3BKOEh0yQYzDNxtxOIY/getUpdates "HTTP/1.1 200 OK"
[2026-03-09 17:21:37,634] INFO httpx: HTTP Request: POST https://api.telegram.org/bot8685351639:AAGsbNAWU6yZ5VXn3BKOEh0yQYzDNxtxOIY/editMessageText "HTTP/1.1 200 OK"
[2026-03-09 17:21:38,656] INFO httpx: HTTP Request: POST https://api.telegram.org/bot8685351639:AAGsbNAWU6yZ5VXn3BKOEh0yQYzDNxtxOIY/getUpdates "HTTP/1.1 200 OK"
[2026-03-09 17:21:38,879] INFO httpx: HTTP Request: POST https://api.telegram.org/bot8685351639:AAGsbNAWU6yZ5VXn3BKOEh0yQYzDNxtxOIY/editMessageText "HTTP/1.1 200 OK"
[2026-03-09 17:21:40,065] INFO httpx: HTTP Request: POST https://api.telegram.org/bot8685351639:AAGsbNAWU6yZ5VXn3BKOEh0yQYzDNxtxOIY/getUpdates "HTTP/1.1 200 OK"
[2026-03-09 17:21:40,298] INFO httpx: HTTP Request: POST https://api.telegram.org/bot8685351639:AAGsbNAWU6yZ5VXn3BKOEh0yQYzDNxtxOIY/editMessageText "HTTP/1.1 200 OK"
[2026-03-09 17:21:42,293] INFO httpx: HTTP Request: POST https://api.telegram.org/bot8685351639:AAGsbNAWU6yZ5VXn3BKOEh0yQYzDNxtxOIY/getUpdates "HTTP/1.1 200 OK"
[2026-03-09 17:21:42,425] INFO httpx: HTTP Request: POST https://api.telegram.org/bot8685351639:AAGsbNAWU6yZ5VXn3BKOEh0yQYzDNxtxOIY/editMessageText "HTTP/1.1 200 OK"
[2026-03-09 17:21:44,924] INFO httpx: HTTP Request: POST https://api.telegram.org/bot8685351639:AAGsbNAWU6yZ5VXn3BKOEh0yQYzDNxtxOIY/getUpdates "HTTP/1.1 200 OK"
[2026-03-09 17:21:45,051] INFO httpx: HTTP Request: POST https://api.telegram.org/bot8685351639:AAGsbNAWU6yZ5VXn3BKOEh0yQYzDNxtxOIY/editMessageText "HTTP/1.1 200 OK"
[2026-03-09 17:21:47,002] INFO httpx: HTTP Request: POST https://api.telegram.org/bot8685351639:AAGsbNAWU6yZ5VXn3BKOEh0yQYzDNxtxOIY/getUpdates "HTTP/1.1 200 OK"
[2026-03-09 17:21:47,144] INFO httpx: HTTP Request: POST https://api.telegram.org/bot8685351639:AAGsbNAWU6yZ5VXn3BKOEh0yQYzDNxtxOIY/editMessageText "HTTP/1.1 200 OK"
[2026-03-09 17:21:57,104] INFO httpx: HTTP Request: POST https://api.telegram.org/bot8685351639:AAGsbNAWU6yZ5VXn3BKOEh0yQYzDNxtxOIY/getUpdates "HTTP/1.1 200 OK"
[2026-03-09 17:22:00,759] INFO httpx: HTTP Request: POST https://api.telegram.org/bot8685351639:AAGsbNAWU6yZ5VXn3BKOEh0yQYzDNxtxOIY/getUpdates "HTTP/1.1 200 OK"
[2026-03-09 17:22:01,109] INFO httpx: HTTP Request: POST https://api.telegram.org/bot8685351639:AAGsbNAWU6yZ5VXn3BKOEh0yQYzDNxtxOIY/sendMessage "HTTP/1.1 200 OK"
[2026-03-09 17:22:04,826] INFO httpx: HTTP Request: POST https://api.telegram.org/bot8685351639:AAGsbNAWU6yZ5VXn3BKOEh0yQYzDNxtxOIY/getUpdates "HTTP/1.1 200 OK"
[2026-03-09 17:22:05,008] INFO httpx: HTTP Request: POST https://api.telegram.org/bot8685351639:AAGsbNAWU6yZ5VXn3BKOEh0yQYzDNxtxOIY/sendMessage "HTTP/1.1 200 OK"
[2026-03-09 17:22:14,927] INFO httpx: HTTP Request: POST https://api.telegram.org/bot8685351639:AAGsbNAWU6yZ5VXn3BKOEh0yQYzDNxtxOIY/getUpdates "HTTP/1.1 200 OK"
[2026-03-09 17:22:25,034] INFO httpx: HTTP Request: POST https://api.telegram.org/bot8685351639:AAGsbNAWU6yZ5VXn3BKOEh0yQYzDNxtxOIY/getUpdates "HTTP/1.1 200 OK"
[2026-03-09 17:22:26,990] INFO httpx: HTTP Request: POST https://api.telegram.org/bot8685351639:AAGsbNAWU6yZ5VXn3BKOEh0yQYzDNxtxOIY/getUpdates "HTTP/1.1 200 OK"
[2026-03-09 17:22:27,320] INFO httpx: HTTP Request: POST https://api.telegram.org/bot8685351639:AAGsbNAWU6yZ5VXn3BKOEh0yQYzDNxtxOIY/getFile "HTTP/1.1 200 OK"
[2026-03-09 17:22:27,523] INFO httpx: HTTP Request: GET https://api.telegram.org/file/bot8685351639%3AAAGsbNAWU6yZ5VXn3BKOEh0yQYzDNxtxOIY/photos/file_0.jpg "HTTP/1.1 200 OK"
[2026-03-09 17:22:27,658] INFO httpx: HTTP Request: POST https://api.telegram.org/bot8685351639:AAGsbNAWU6yZ5VXn3BKOEh0yQYzDNxtxOIY/sendMessage "HTTP/1.1 200 OK"
[2026-03-09 17:22:27,823] INFO httpx: HTTP Request: POST https://api.telegram.org/bot8685351639:AAGsbNAWU6yZ5VXn3BKOEh0yQYzDNxtxOIY/sendMessage "HTTP/1.1 200 OK"
[2026-03-09 17:22:32,940] INFO httpx: HTTP Request: POST https://api.telegram.org/bot8685351639:AAGsbNAWU6yZ5VXn3BKOEh0yQYzDNxtxOIY/getUpdates "HTTP/1.1 200 OK"
[2026-03-09 17:22:33,385] INFO httpx: HTTP Request: POST https://api.telegram.org/bot8685351639:AAGsbNAWU6yZ5VXn3BKOEh0yQYzDNxtxOIY/sendMessage "HTTP/1.1 200 OK"
[2026-03-09 17:22:36,337] INFO httpx: HTTP Request: POST https://api.telegram.org/bot8685351639:AAGsbNAWU6yZ5VXn3BKOEh0yQYzDNxtxOIY/getUpdates "HTTP/1.1 200 OK"
[2026-03-09 17:22:36,482] INFO httpx: HTTP Request: POST https://api.telegram.org/bot8685351639:AAGsbNAWU6yZ5VXn3BKOEh0yQYzDNxtxOIY/sendMessage "HTTP/1.1 200 OK"
[2026-03-09 17:22:40,895] INFO httpx: HTTP Request: POST https://api.telegram.org/bot8685351639:AAGsbNAWU6yZ5VXn3BKOEh0yQYzDNxtxOIY/getUpdates "HTTP/1.1 200 OK"
[2026-03-09 17:22:40,896] INFO campaign: Starting campaign cmp_1773058960 for user 1502771751 | chats=1 | type=multiple_cycles
[2026-03-09 17:22:41,029] INFO httpx: HTTP Request: POST https://api.telegram.org/bot8685351639:AAGsbNAWU6yZ5VXn3BKOEh0yQYzDNxtxOIY/editMessageText "HTTP/1.1 200 OK"
[2026-03-09 17:22:41,030] INFO campaign: Cycle 1/1000 for campaign cmp_1773058960 starting
[2026-03-09 17:22:41,030] INFO utils.telegram: Creating TelegramClient without proxy for session sessions/1502771751.session
[2026-03-09 17:22:41,031] INFO telethon.network.mtprotosender: Connecting to 149.154.167.51:443/TcpFull...
[2026-03-09 17:22:41,135] INFO telethon.network.mtprotosender: Connection to 149.154.167.51:443/TcpFull complete!
[2026-03-09 17:22:41,738] INFO telethon.client.uploads: Uploading file of 43929 bytes in 1 chunks of 131072
[2026-03-09 17:22:51,005] INFO httpx: HTTP Request: POST https://api.telegram.org/bot8685351639:AAGsbNAWU6yZ5VXn3BKOEh0yQYzDNxtxOIY/getUpdates "HTTP/1.1 200 OK"
[2026-03-09 17:23:00,607] INFO telethon.client.updates: Got difference for channel 3864516969 updates
[2026-03-09 17:23:01,110] INFO httpx: HTTP Request: POST https://api.telegram.org/bot8685351639:AAGsbNAWU6yZ5VXn3BKOEh0yQYzDNxtxOIY/getUpdates "HTTP/1.1 200 OK"
[2026-03-09 17:23:11,224] INFO httpx: HTTP Request: POST https://api.telegram.org/bot8685351639:AAGsbNAWU6yZ5VXn3BKOEh0yQYzDNxtxOIY/getUpdates "HTTP/1.1 200 OK"
[2026-03-09 17:23:21,327] INFO httpx: HTTP Request: POST https://api.telegram.org/bot8685351639:AAGsbNAWU6yZ5VXn3BKOEh0yQYzDNxtxOIY/getUpdates "HTTP/1.1 200 OK"
[2026-03-09 17:23:31,432] INFO httpx: HTTP Request: POST https://api.telegram.org/bot8685351639:AAGsbNAWU6yZ5VXn3BKOEh0yQYzDNxtxOIY/getUpdates "HTTP/1.1 200 OK"
[2026-03-09 17:23:41,534] INFO httpx: HTTP Request: POST https://api.telegram.org/bot8685351639:AAGsbNAWU6yZ5VXn3BKOEh0yQYzDNxtxOIY/getUpdates "HTTP/1.1 200 OK"
[2026-03-09 17:23:47,984] INFO httpx: HTTP Request: POST https://api.telegram.org/bot8685351639:AAGsbNAWU6yZ5VXn3BKOEh0yQYzDNxtxOIY/getUpdates "HTTP/1.1 200 OK"
[2026-03-09 17:23:54,516] INFO httpx: HTTP Request: POST https://api.telegram.org/bot8685351639:AAGsbNAWU6yZ5VXn3BKOEh0yQYzDNxtxOIY/getUpdates "HTTP/1.1 200 OK"
[2026-03-09 17:24:04,617] INFO httpx: HTTP Request: POST https://api.telegram.org/bot8685351639:AAGsbNAWU6yZ5VXn3BKOEh0yQYzDNxtxOIY/getUpdates "HTTP/1.1 200 OK"
[2026-03-09 17:24:14,719] INFO httpx: HTTP Request: POST https://api.telegram.org/bot8685351639:AAGsbNAWU6yZ5VXn3BKOEh0yQYzDNxtxOIY/getUpdates "HTTP/1.1 200 OK"
[2026-03-09 17:24:24,824] INFO httpx: HTTP Request: POST https://api.telegram.org/bot8685351639:AAGsbNAWU6yZ5VXn3BKOEh0yQYzDNxtxOIY/getUpdates "HTTP/1.1 200 OK"
[2026-03-09 17:24:34,925] INFO httpx: HTTP Request: POST https://api.telegram.org/bot8685351639:AAGsbNAWU6yZ5VXn3BKOEh0yQYzDNxtxOIY/getUpdates "HTTP/1.1 200 OK"
[2026-03-09 17:24:45,027] INFO httpx: HTTP Request: POST https://api.telegram.org/bot8685351639:AAGsbNAWU6yZ5VXn3BKOEh0yQYzDNxtxOIY/getUpdates "HTTP/1.1 200 OK"
[2026-03-09 17:24:53,780] INFO httpx: HTTP Request: POST https://api.telegram.org/bot8685351639:AAGsbNAWU6yZ5VXn3BKOEh0yQYzDNxtxOIY/getUpdates "HTTP/1.1 200 OK"
[2026-03-09 17:25:03,882] INFO httpx: HTTP Request: POST https://api.telegram.org/bot8685351639:AAGsbNAWU6yZ5VXn3BKOEh0yQYzDNxtxOIY/getUpdates "HTTP/1.1 200 OK"
[2026-03-09 17:25:13,983] INFO httpx: HTTP Request: POST https://api.telegram.org/bot8685351639:AAGsbNAWU6yZ5VXn3BKOEh0yQYzDNxtxOIY/getUpdates "HTTP/1.1 200 OK"
[2026-03-09 17:25:24,088] INFO httpx: HTTP Request: POST https://api.telegram.org/bot8685351639:AAGsbNAWU6yZ5VXn3BKOEh0yQYzDNxtxOIY/getUpdates "HTTP/1.1 200 OK"
[2026-03-09 17:25:34,189] INFO httpx: HTTP Request: POST https://api.telegram.org/bot8685351639:AAGsbNAWU6yZ5VXn3BKOEh0yQYzDNxtxOIY/getUpdates "HTTP/1.1 200 OK"
[2026-03-09 17:25:44,291] INFO httpx: HTTP Request: POST https://api.telegram.org/bot8685351639:AAGsbNAWU6yZ5VXn3BKOEh0yQYzDNxtxOIY/getUpdates "HTTP/1.1 200 OK"
[2026-03-09 17:25:54,393] INFO httpx: HTTP Request: POST https://api.telegram.org/bot8685351639:AAGsbNAWU6yZ5VXn3BKOEh0yQYzDNxtxOIY/getUpdates "HTTP/1.1 200 OK"
[2026-03-09 17:26:04,495] INFO httpx: HTTP Request: POST https://api.telegram.org/bot8685351639:AAGsbNAWU6yZ5VXn3BKOEh0yQYzDNxtxOIY/getUpdates "HTTP/1.1 200 OK"
[2026-03-09 17:26:14,601] INFO httpx: HTTP Request: POST https://api.telegram.org/bot8685351639:AAGsbNAWU6yZ5VXn3BKOEh0yQYzDNxtxOIY/getUpdates "HTTP/1.1 200 OK"
[2026-03-09 17:26:23,653] INFO telethon.client.updates: Got difference for channel 3864516969 updates
[2026-03-09 17:26:24,704] INFO httpx: HTTP Request: POST https://api.telegram.org/bot8685351639:AAGsbNAWU6yZ5VXn3BKOEh0yQYzDNxtxOIY/getUpdates "HTTP/1.1 200 OK"
[2026-03-09 17:26:34,809] INFO httpx: HTTP Request: POST https://api.telegram.org/bot8685351639:AAGsbNAWU6yZ5VXn3BKOEh0yQYzDNxtxOIY/getUpdates "HTTP/1.1 200 OK"
[2026-03-09 17:26:38,415] INFO telethon.client.updates: Got difference for channel 3864516969 updates
[2026-03-09 17:26:44,928] INFO httpx: HTTP Request: POST https://api.telegram.org/bot8685351639:AAGsbNAWU6yZ5VXn3BKOEh0yQYzDNxtxOIY/getUpdates "HTTP/1.1 200 OK"
[2026-03-09 17:26:49,420] INFO telethon.client.updates: Got difference for channel 3864516969 updates
[2026-03-09 17:26:55,033] INFO httpx: HTTP Request: POST https://api.telegram.org/bot8685351639:AAGsbNAWU6yZ5VXn3BKOEh0yQYzDNxtxOIY/getUpdates "HTTP/1.1 200 OK"
[2026-03-09 17:27:05,138] INFO httpx: HTTP Request: POST https://api.telegram.org/bot8685351639:AAGsbNAWU6yZ5VXn3BKOEh0yQYzDNxtxOIY/getUpdates "HTTP/1.1 200 OK"
[2026-03-09 17:27:15,245] INFO httpx: HTTP Request: POST https://api.telegram.org/bot8685351639:AAGsbNAWU6yZ5VXn3BKOEh0yQYzDNxtxOIY/getUpdates "HTTP/1.1 200 OK"
[2026-03-09 17:27:25,351] INFO httpx: HTTP Request: POST https://api.telegram.org/bot8685351639:AAGsbNAWU6yZ5VXn3BKOEh0yQYzDNxtxOIY/getUpdates "HTTP/1.1 200 OK"
[2026-03-09 17:27:35,456] INFO httpx: HTTP Request: POST https://api.telegram.org/bot8685351639:AAGsbNAWU6yZ5VXn3BKOEh0yQYzDNxtxOIY/getUpdates "HTTP/1.1 200 OK"
[2026-03-09 17:27:45,561] INFO httpx: HTTP Request: POST https://api.telegram.org/bot8685351639:AAGsbNAWU6yZ5VXn3BKOEh0yQYzDNxtxOIY/getUpdates "HTTP/1.1 200 OK"
[2026-03-09 17:27:55,662] INFO httpx: HTTP Request: POST https://api.telegram.org/bot8685351639:AAGsbNAWU6yZ5VXn3BKOEh0yQYzDNxtxOIY/getUpdates "HTTP/1.1 200 OK"
[2026-03-09 17:27:59,933] INFO telethon.client.updates: Got difference for channel 3001824249 updates
[2026-03-09 17:28:05,767] INFO httpx: HTTP Request: POST https://api.telegram.org/bot8685351639:AAGsbNAWU6yZ5VXn3BKOEh0yQYzDNxtxOIY/getUpdates "HTTP/1.1 200 OK"
[2026-03-09 17:28:15,876] INFO httpx: HTTP Request: POST https://api.telegram.org/bot8685351639:AAGsbNAWU6yZ5VXn3BKOEh0yQYzDNxtxOIY/getUpdates "HTTP/1.1 200 OK"
[2026-03-09 17:28:25,984] INFO httpx: HTTP Request: POST https://api.telegram.org/bot8685351639:AAGsbNAWU6yZ5VXn3BKOEh0yQYzDNxtxOIY/getUpdates "HTTP/1.1 200 OK"
[2026-03-09 17:28:36,088] INFO httpx: HTTP Request: POST https://api.telegram.org/bot8685351639:AAGsbNAWU6yZ5VXn3BKOEh0yQYzDNxtxOIY/getUpdates "HTTP/1.1 200 OK"
[2026-03-09 17:28:46,195] INFO httpx: HTTP Request: POST https://api.telegram.org/bot8685351639:AAGsbNAWU6yZ5VXn3BKOEh0yQYzDNxtxOIY/getUpdates "HTTP/1.1 200 OK"
[2026-03-09 17:28:56,299] INFO httpx: HTTP Request: POST https://api.telegram.org/bot8685351639:AAGsbNAWU6yZ5VXn3BKOEh0yQYzDNxtxOIY/getUpdates "HTTP/1.1 200 OK"
[2026-03-09 17:29:06,405] INFO httpx: HTTP Request: POST https://api.telegram.org/bot8685351639:AAGsbNAWU6yZ5VXn3BKOEh0yQYzDNxtxOIY/getUpdates "HTTP/1.1 200 OK"
[2026-03-09 17:29:16,511] INFO httpx: HTTP Request: POST https://api.telegram.org/bot8685351639:AAGsbNAWU6yZ5VXn3BKOEh0yQYzDNxtxOIY/getUpdates "HTTP/1.1 200 OK"
[2026-03-09 17:29:18,485] INFO telethon.client.updates: Got difference for channel 3864516969 updates
[2026-03-09 17:29:26,615] INFO httpx: HTTP Request: POST https://api.telegram.org/bot8685351639:AAGsbNAWU6yZ5VXn3BKOEh0yQYzDNxtxOIY/getUpdates "HTTP/1.1 200 OK"
[2026-03-09 17:29:31,578] INFO telethon.client.updates: Got difference for channel 3001824249 updates
[2026-03-09 17:29:36,720] INFO httpx: HTTP Request: POST https://api.telegram.org/bot8685351639:AAGsbNAWU6yZ5VXn3BKOEh0yQYzDNxtxOIY/getUpdates "HTTP/1.1 200 OK"
[2026-03-09 17:29:37,660] INFO telethon.client.updates: Got difference for channel 3001824249 updates
[2026-03-09 17:29:46,826] INFO httpx: HTTP Request: POST https://api.telegram.org/bot8685351639:AAGsbNAWU6yZ5VXn3BKOEh0yQYzDNxtxOIY/getUpdates "HTTP/1.1 200 OK"
[2026-03-09 17:29:49,939] INFO telethon.client.updates: Got difference for channel 3001824249 updates
[2026-03-09 17:29:56,931] INFO httpx: HTTP Request: POST https://api.telegram.org/bot8685351639:AAGsbNAWU6yZ5VXn3BKOEh0yQYzDNxtxOIY/getUpdates "HTTP/1.1 200 OK"
[2026-03-09 17:30:07,038] INFO httpx: HTTP Request: POST https://api.telegram.org/bot8685351639:AAGsbNAWU6yZ5VXn3BKOEh0yQYzDNxtxOIY/getUpdates "HTTP/1.1 200 OK"
[2026-03-09 17:30:17,143] INFO httpx: HTTP Request: POST https://api.telegram.org/bot8685351639:AAGsbNAWU6yZ5VXn3BKOEh0yQYzDNxtxOIY/getUpdates "HTTP/1.1 200 OK"
[2026-03-09 17:30:27,248] INFO httpx: HTTP Request: POST https://api.telegram.org/bot8685351639:AAGsbNAWU6yZ5VXn3BKOEh0yQYzDNxtxOIY/getUpdates "HTTP/1.1 200 OK"
[2026-03-09 17:30:37,355] INFO httpx: HTTP Request: POST https://api.telegram.org/bot8685351639:AAGsbNAWU6yZ5VXn3BKOEh0yQYzDNxtxOIY/getUpdates "HTTP/1.1 200 OK"
[2026-03-09 17:30:47,457] INFO httpx: HTTP Request: POST https://api.telegram.org/bot8685351639:AAGsbNAWU6yZ5VXn3BKOEh0yQYzDNxtxOIY/getUpdates "HTTP/1.1 200 OK"
[2026-03-09 17:30:57,559] INFO httpx: HTTP Request: POST https://api.telegram.org/bot8685351639:AAGsbNAWU6yZ5VXn3BKOEh0yQYzDNxtxOIY/getUpdates "HTTP/1.1 200 OK"
[2026-03-09 17:31:07,665] INFO httpx: HTTP Request: POST https://api.telegram.org/bot8685351639:AAGsbNAWU6yZ5VXn3BKOEh0yQYzDNxtxOIY/getUpdates "HTTP/1.1 200 OK"
[2026-03-09 17:31:17,770] INFO httpx: HTTP Request: POST https://api.telegram.org/bot8685351639:AAGsbNAWU6yZ5VXn3BKOEh0yQYzDNxtxOIY/getUpdates "HTTP/1.1 200 OK"
[2026-03-09 17:31:27,871] INFO httpx: HTTP Request: POST https://api.telegram.org/bot8685351639:AAGsbNAWU6yZ5VXn3BKOEh0yQYzDNxtxOIY/getUpdates "HTTP/1.1 200 OK"
[2026-03-09 17:31:37,975] INFO httpx: HTTP Request: POST https://api.telegram.org/bot8685351639:AAGsbNAWU6yZ5VXn3BKOEh0yQYzDNxtxOIY/getUpdates "HTTP/1.1 200 OK"
[2026-03-09 17:31:48,080] INFO httpx: HTTP Request: POST https://api.telegram.org/bot8685351639:AAGsbNAWU6yZ5VXn3BKOEh0yQYzDNxtxOIY/getUpdates "HTTP/1.1 200 OK"
[2026-03-09 17:31:58,186] INFO httpx: HTTP Request: POST https://api.telegram.org/bot8685351639:AAGsbNAWU6yZ5VXn3BKOEh0yQYzDNxtxOIY/getUpdates "HTTP/1.1 200 OK"
[2026-03-09 17:32:07,514] INFO telethon.client.updates: Got difference for channel 3864516969 updates
[2026-03-09 17:32:08,292] INFO httpx: HTTP Request: POST https://api.telegram.org/bot8685351639:AAGsbNAWU6yZ5VXn3BKOEh0yQYzDNxtxOIY/getUpdates "HTTP/1.1 200 OK"
[2026-03-09 17:32:18,399] INFO httpx: HTTP Request: POST https://api.telegram.org/bot8685351639:AAGsbNAWU6yZ5VXn3BKOEh0yQYzDNxtxOIY/getUpdates "HTTP/1.1 200 OK"
[2026-03-09 17:32:28,504] INFO httpx: HTTP Request: POST https://api.telegram.org/bot8685351639:AAGsbNAWU6yZ5VXn3BKOEh0yQYzDNxtxOIY/getUpdates "HTTP/1.1 200 OK"
[2026-03-09 17:32:38,609] INFO httpx: HTTP Request: POST https://api.telegram.org/bot8685351639:AAGsbNAWU6yZ5VXn3BKOEh0yQYzDNxtxOIY/getUpdates "HTTP/1.1 200 OK"
[2026-03-09 17:32:48,719] INFO httpx: HTTP Request: POST https://api.telegram.org/bot8685351639:AAGsbNAWU6yZ5VXn3BKOEh0yQYzDNxtxOIY/getUpdates "HTTP/1.1 200 OK"
[2026-03-09 17:32:58,825] INFO httpx: HTTP Request: POST https://api.telegram.org/bot8685351639:AAGsbNAWU6yZ5VXn3BKOEh0yQYzDNxtxOIY/getUpdates "HTTP/1.1 200 OK"
[2026-03-09 17:33:08,931] INFO httpx: HTTP Request: POST https://api.telegram.org/bot8685351639:AAGsbNAWU6yZ5VXn3BKOEh0yQYzDNxtxOIY/getUpdates "HTTP/1.1 200 OK"
[2026-03-09 17:33:19,037] INFO httpx: HTTP Request: POST https://api.telegram.org/bot8685351639:AAGsbNAWU6yZ5VXn3BKOEh0yQYzDNxtxOIY/getUpdates "HTTP/1.1 200 OK"
[2026-03-09 17:33:29,141] INFO httpx: HTTP Request: POST https://api.telegram.org/bot8685351639:AAGsbNAWU6yZ5VXn3BKOEh0yQYzDNxtxOIY/getUpdates "HTTP/1.1 200 OK"
[2026-03-09 17:33:39,246] INFO httpx: HTTP Request: POST https://api.telegram.org/bot8685351639:AAGsbNAWU6yZ5VXn3BKOEh0yQYzDNxtxOIY/getUpdates "HTTP/1.1 200 OK"
[2026-03-09 17:33:49,350] INFO httpx: HTTP Request: POST https://api.telegram.org/bot8685351639:AAGsbNAWU6yZ5VXn3BKOEh0yQYzDNxtxOIY/getUpdates "HTTP/1.1 200 OK"
[2026-03-09 17:33:59,455] INFO httpx: HTTP Request: POST https://api.telegram.org/bot8685351639:AAGsbNAWU6yZ5VXn3BKOEh0yQYzDNxtxOIY/getUpdates "HTTP/1.1 200 OK"
[2026-03-09 17:34:09,560] INFO httpx: HTTP Request: POST https://api.telegram.org/bot8685351639:AAGsbNAWU6yZ5VXn3BKOEh0yQYzDNxtxOIY/getUpdates "HTTP/1.1 200 OK"
[2026-03-09 17:34:19,666] INFO httpx: HTTP Request: POST https://api.telegram.org/bot8685351639:AAGsbNAWU6yZ5VXn3BKOEh0yQYzDNxtxOIY/getUpdates "HTTP/1.1 200 OK"
[2026-03-09 17:34:29,770] INFO httpx: HTTP Request: POST https://api.telegram.org/bot8685351639:AAGsbNAWU6yZ5VXn3BKOEh0yQYzDNxtxOIY/getUpdates "HTTP/1.1 200 OK"
[2026-03-09 17:34:34,657] INFO telethon.client.updates: Got difference for channel 3864516969 updates
[2026-03-09 17:34:39,874] INFO httpx: HTTP Request: POST https://api.telegram.org/bot8685351639:AAGsbNAWU6yZ5VXn3BKOEh0yQYzDNxtxOIY/getUpdates "HTTP/1.1 200 OK"
[2026-03-09 17:34:49,979] INFO httpx: HTTP Request: POST https://api.telegram.org/bot8685351639:AAGsbNAWU6yZ5VXn3BKOEh0yQYzDNxtxOIY/getUpdates "HTTP/1.1 200 OK"
[2026-03-09 17:35:00,085] INFO httpx: HTTP Request: POST https://api.telegram.org/bot8685351639:AAGsbNAWU6yZ5VXn3BKOEh0yQYzDNxtxOIY/getUpdates "HTTP/1.1 200 OK"
[2026-03-09 17:35:10,192] INFO httpx: HTTP Request: POST https://api.telegram.org/bot8685351639:AAGsbNAWU6yZ5VXn3BKOEh0yQYzDNxtxOIY/getUpdates "HTTP/1.1 200 OK"
[2026-03-09 17:35:20,298] INFO httpx: HTTP Request: POST https://api.telegram.org/bot8685351639:AAGsbNAWU6yZ5VXn3BKOEh0yQYzDNxtxOIY/getUpdates "HTTP/1.1 200 OK"
[2026-03-09 17:35:30,403] INFO httpx: HTTP Request: POST https://api.telegram.org/bot8685351639:AAGsbNAWU6yZ5VXn3BKOEh0yQYzDNxtxOIY/getUpdates "HTTP/1.1 200 OK"
[2026-03-09 17:35:40,507] INFO httpx: HTTP Request: POST https://api.telegram.org/bot8685351639:AAGsbNAWU6yZ5VXn3BKOEh0yQYzDNxtxOIY/getUpdates "HTTP/1.1 200 OK"
[2026-03-09 17:35:50,612] INFO httpx: HTTP Request: POST https://api.telegram.org/bot8685351639:AAGsbNAWU6yZ5VXn3BKOEh0yQYzDNxtxOIY/getUpdates "HTTP/1.1 200 OK"
[2026-03-09 17:36:00,714] INFO httpx: HTTP Request: POST https://api.telegram.org/bot8685351639:AAGsbNAWU6yZ5VXn3BKOEh0yQYzDNxtxOIY/getUpdates "HTTP/1.1 200 OK"
[2026-03-09 17:36:10,819] INFO httpx: HTTP Request: POST https://api.telegram.org/bot8685351639:AAGsbNAWU6yZ5VXn3BKOEh0yQYzDNxtxOIY/getUpdates "HTTP/1.1 200 OK"
[2026-03-09 17:36:20,923] INFO httpx: HTTP Request: POST https://api.telegram.org/bot8685351639:AAGsbNAWU6yZ5VXn3BKOEh0yQYzDNxtxOIY/getUpdates "HTTP/1.1 200 OK"
[2026-03-09 17:36:31,032] INFO httpx: HTTP Request: POST https://api.telegram.org/bot8685351639:AAGsbNAWU6yZ5VXn3BKOEh0yQYzDNxtxOIY/getUpdates "HTTP/1.1 200 OK"
[2026-03-09 17:36:41,360] INFO httpx: HTTP Request: POST https://api.telegram.org/bot8685351639:AAGsbNAWU6yZ5VXn3BKOEh0yQYzDNxtxOIY/getUpdates "HTTP/1.1 200 OK"
[2026-03-09 17:36:51,470] INFO httpx: HTTP Request: POST https://api.telegram.org/bot8685351639:AAGsbNAWU6yZ5VXn3BKOEh0yQYzDNxtxOIY/getUpdates "HTTP/1.1 200 OK"
[2026-03-09 17:37:01,577] INFO httpx: HTTP Request: POST https://api.telegram.org/bot8685351639:AAGsbNAWU6yZ5VXn3BKOEh0yQYzDNxtxOIY/getUpdates "HTTP/1.1 200 OK"
[2026-03-09 17:37:11,682] INFO httpx: HTTP Request: POST https://api.telegram.org/bot8685351639:AAGsbNAWU6yZ5VXn3BKOEh0yQYzDNxtxOIY/getUpdates "HTTP/1.1 200 OK"
[2026-03-09 17:37:21,787] INFO httpx: HTTP Request: POST https://api.telegram.org/bot8685351639:AAGsbNAWU6yZ5VXn3BKOEh0yQYzDNxtxOIY/getUpdates "HTTP/1.1 200 OK"
